2025-12-10 13:44:48,551 - INFO - utils - Logging initialized. Log file: /Users/alexanderbankov/Documents/Projects/easybim_data/etl-cco-dashboard/output/logs/etl_20251210_134448.log
2025-12-10 13:44:48,551 - INFO - runner - ============================================================
2025-12-10 13:44:48,551 - INFO - runner - CCO Dashboard ETL - XML to JSON Conversion
2025-12-10 13:44:48,551 - INFO - runner - ============================================================
2025-12-10 13:44:48,551 - INFO - runner - Input directory: /Users/alexanderbankov/Documents/Projects/easybim_data/source_data/asta-source-cco-dashboard/all-aop-baselines
2025-12-10 13:44:48,551 - INFO - runner - Output directory: /Users/alexanderbankov/Documents/Projects/easybim_data/etl-cco-dashboard/output
2025-12-10 13:44:48,551 - INFO - runner - Enrichment enabled: zone/region, tower/floor
2025-12-10 13:44:48,551 - INFO - runner - Running enrichment only...
2025-12-10 13:44:48,551 - INFO - runner - Enriching Aristocrat...
2025-12-10 13:44:49,017 - INFO - runner -   Enriched 4984/5614 tasks
2025-12-10 13:44:49,017 - INFO - runner - Enriching Azadnagar...
2025-12-10 13:44:50,803 - INFO - runner -   Enriched 15705/17456 tasks
2025-12-10 13:44:50,803 - INFO - runner - Enriching BLSaha...
2025-12-10 13:44:51,664 - INFO - runner -   Enriched 9517/10065 tasks
2025-12-10 13:44:51,665 - INFO - runner - Enriching Bigbull-Reserve...
2025-12-10 13:44:53,004 - INFO - runner -   Enriched 14843/16438 tasks
2025-12-10 13:44:53,004 - INFO - runner - Enriching Jardinia...
2025-12-10 13:44:53,524 - INFO - runner -   Enriched 4209/4723 tasks
2025-12-10 13:44:53,524 - INFO - runner - Enriching Miraya...
2025-12-10 13:44:53,790 - INFO - runner -   Enriched 2527/2849 tasks
2025-12-10 13:44:53,790 - INFO - runner - Enriching OneM...
2025-12-10 13:44:54,109 - INFO - runner -   Enriched 3483/3910 tasks
2025-12-10 13:44:54,109 - INFO - runner - Enriching RGA Land2...
2025-12-10 13:44:54,828 - INFO - runner -   Enriched 7198/8492 tasks
2025-12-10 13:44:54,828 - INFO - runner - Enriching Riverine...
2025-12-10 13:44:55,169 - INFO - runner -   Enriched 3037/3635 tasks
2025-12-10 13:44:55,169 - INFO - runner - Enriching Tropical Isle 146...
2025-12-10 13:44:55,673 - INFO - runner -   Enriched 4257/4770 tasks
2025-12-10 13:44:55,673 - INFO - runner - Enriching Woodscapes...
2025-12-10 13:44:57,854 - INFO - runner -   Enriched 20201/23494 tasks
2025-12-10 13:44:57,854 - INFO - runner - Enriching Zenith...
2025-12-10 13:44:58,804 - INFO - runner -   Enriched 8016/8978 tasks
2025-12-10 13:44:58,812 - INFO - runner - Enrichment complete. Total enriched: 97977
