2025-12-10 00:14:04,208 - INFO - utils - Logging initialized. Log file: /Users/alexanderbankov/Documents/Projects/easybim_data/etl-cco-dashboard/output/logs/etl_20251210_001404.log
2025-12-10 00:14:04,208 - INFO - runner - ============================================================
2025-12-10 00:14:04,208 - INFO - runner - CCO Dashboard ETL - XML to JSON Conversion
2025-12-10 00:14:04,208 - INFO - runner - ============================================================
2025-12-10 00:14:04,208 - INFO - runner - Input directory: /Users/alexanderbankov/Documents/Projects/easybim_data/source_data/asta-source-cco-dashboard/all-aop-baselines
2025-12-10 00:14:04,208 - INFO - runner - Output directory: /Users/alexanderbankov/Documents/Projects/easybim_data/etl-cco-dashboard/output
2025-12-10 00:14:04,208 - INFO - runner - Running validation only...
2025-12-10 00:14:04,208 - INFO - runner - Validating Aristocrat...
2025-12-10 00:14:21,589 - INFO - runner -   Sample pass rate: 100%, Issues: 0
2025-12-10 00:14:21,590 - INFO - runner - Validating Azadnagar...
2025-12-10 00:15:38,353 - INFO - runner -   Sample pass rate: 100%, Issues: 0
2025-12-10 00:15:38,357 - INFO - runner - Validating BLSaha...
2025-12-10 00:16:02,549 - INFO - runner -   Sample pass rate: 100%, Issues: 0
2025-12-10 00:16:02,550 - INFO - runner - Validating Bigbull-Reserve...
2025-12-10 00:16:50,470 - INFO - runner -   Sample pass rate: 100%, Issues: 0
2025-12-10 00:16:50,473 - INFO - runner - Validating Jardinia...
2025-12-10 00:17:09,079 - INFO - runner -   Sample pass rate: 100%, Issues: 0
2025-12-10 00:17:09,083 - INFO - runner - Validating Miraya...
2025-12-10 00:17:18,209 - INFO - runner -   Sample pass rate: 100%, Issues: 0
2025-12-10 00:17:18,210 - INFO - runner - Validating OneM...
2025-12-10 00:17:40,698 - INFO - runner -   Sample pass rate: 100%, Issues: 0
2025-12-10 00:17:40,699 - INFO - runner - Validating RGA Land2...
2025-12-10 00:18:03,827 - INFO - runner -   Sample pass rate: 100%, Issues: 0
2025-12-10 00:18:03,828 - INFO - runner - Validating Riverine...
2025-12-10 00:18:16,864 - INFO - runner -   Sample pass rate: 100%, Issues: 0
2025-12-10 00:18:16,866 - INFO - runner - Validating Tropical Isle 146...
2025-12-10 00:18:34,873 - INFO - runner -   Sample pass rate: 100%, Issues: 0
2025-12-10 00:18:34,882 - INFO - runner - Validating Woodscapes...
2025-12-10 00:19:32,430 - INFO - runner -   Sample pass rate: 100%, Issues: 0
2025-12-10 00:19:32,433 - INFO - runner - Validating Zenith...
2025-12-10 00:20:01,560 - INFO - runner -   Sample pass rate: 100%, Issues: 0
2025-12-10 00:20:01,608 - INFO - runner - Validation complete. Total issues: 0
