2025-12-10 13:46:47,726 - INFO - utils - Logging initialized. Log file: /Users/alexanderbankov/Documents/Projects/easybim_data/etl-cco-dashboard/output/logs/etl_20251210_134647.log
2025-12-10 13:46:47,726 - INFO - runner - ============================================================
2025-12-10 13:46:47,726 - INFO - runner - CCO Dashboard ETL - XML to JSON Conversion
2025-12-10 13:46:47,726 - INFO - runner - ============================================================
2025-12-10 13:46:47,726 - INFO - runner - Input directory: /Users/alexanderbankov/Documents/Projects/easybim_data/source_data/asta-source-cco-dashboard/all-aop-baselines
2025-12-10 13:46:47,726 - INFO - runner - Output directory: /Users/alexanderbankov/Documents/Projects/easybim_data/etl-cco-dashboard/output
2025-12-10 13:46:47,726 - INFO - runner - Enrichment enabled: zone/region, tower/floor
2025-12-10 13:46:47,726 - INFO - runner - Running enrichment only...
2025-12-10 13:46:47,726 - INFO - runner - Enriching Aristocrat...
2025-12-10 13:46:48,155 - INFO - runner -   Enriched 4984/5614 tasks
2025-12-10 13:46:48,155 - INFO - runner - Enriching Azadnagar...
2025-12-10 13:46:49,455 - INFO - runner -   Enriched 15705/17456 tasks
2025-12-10 13:46:49,455 - INFO - runner - Enriching BLSaha...
2025-12-10 13:46:50,082 - INFO - runner -   Enriched 9517/10065 tasks
2025-12-10 13:46:50,082 - INFO - runner - Enriching Bigbull-Reserve...
2025-12-10 13:46:51,094 - INFO - runner -   Enriched 14843/16438 tasks
2025-12-10 13:46:51,094 - INFO - runner - Enriching Jardinia...
2025-12-10 13:46:51,428 - INFO - runner -   Enriched 4209/4723 tasks
2025-12-10 13:46:51,428 - INFO - runner - Enriching Miraya...
2025-12-10 13:46:51,619 - INFO - runner -   Enriched 2527/2849 tasks
2025-12-10 13:46:51,619 - INFO - runner - Enriching OneM...
2025-12-10 13:46:51,878 - INFO - runner -   Enriched 3483/3910 tasks
2025-12-10 13:46:51,878 - INFO - runner - Enriching RGA Land2...
2025-12-10 13:46:52,485 - INFO - runner -   Enriched 7198/8492 tasks
2025-12-10 13:46:52,485 - INFO - runner - Enriching Riverine...
2025-12-10 13:46:52,757 - INFO - runner -   Enriched 3037/3635 tasks
2025-12-10 13:46:52,757 - INFO - runner - Enriching Tropical Isle 146...
2025-12-10 13:46:53,117 - INFO - runner -   Enriched 4257/4770 tasks
2025-12-10 13:46:53,117 - INFO - runner - Enriching Woodscapes...
2025-12-10 13:46:54,987 - INFO - runner -   Enriched 20201/23494 tasks
2025-12-10 13:46:54,987 - INFO - runner - Enriching Zenith...
2025-12-10 13:46:55,668 - INFO - runner -   Enriched 8016/8978 tasks
2025-12-10 13:46:55,675 - INFO - runner - Enrichment complete. Total enriched: 97977
