2025-12-10 13:45:46,534 - INFO - utils - Logging initialized. Log file: /Users/alexanderbankov/Documents/Projects/easybim_data/etl-cco-dashboard/output/logs/etl_20251210_134546.log
2025-12-10 13:45:46,534 - INFO - runner - ============================================================
2025-12-10 13:45:46,534 - INFO - runner - CCO Dashboard ETL - XML to JSON Conversion
2025-12-10 13:45:46,534 - INFO - runner - ============================================================
2025-12-10 13:45:46,534 - INFO - runner - Input directory: /Users/alexanderbankov/Documents/Projects/easybim_data/source_data/asta-source-cco-dashboard/all-aop-baselines
2025-12-10 13:45:46,534 - INFO - runner - Output directory: /Users/alexanderbankov/Documents/Projects/easybim_data/etl-cco-dashboard/output
2025-12-10 13:45:46,534 - INFO - runner - Enrichment enabled: zone/region, tower/floor
2025-12-10 13:45:46,534 - INFO - runner - Running enrichment only...
2025-12-10 13:45:46,534 - INFO - runner - Enriching Aristocrat...
2025-12-10 13:45:47,059 - INFO - runner -   Enriched 4984/5614 tasks
2025-12-10 13:45:47,059 - INFO - runner - Enriching Azadnagar...
2025-12-10 13:45:49,238 - INFO - runner -   Enriched 15705/17456 tasks
2025-12-10 13:45:49,238 - INFO - runner - Enriching BLSaha...
2025-12-10 13:45:50,347 - INFO - runner -   Enriched 9517/10065 tasks
2025-12-10 13:45:50,347 - INFO - runner - Enriching Bigbull-Reserve...
2025-12-10 13:45:52,142 - INFO - runner -   Enriched 14843/16438 tasks
2025-12-10 13:45:52,142 - INFO - runner - Enriching Jardinia...
2025-12-10 13:45:52,751 - INFO - runner -   Enriched 4209/4723 tasks
2025-12-10 13:45:52,751 - INFO - runner - Enriching Miraya...
2025-12-10 13:45:53,095 - INFO - runner -   Enriched 2527/2849 tasks
2025-12-10 13:45:53,095 - INFO - runner - Enriching OneM...
2025-12-10 13:45:53,581 - INFO - runner -   Enriched 3483/3910 tasks
2025-12-10 13:45:53,582 - INFO - runner - Enriching RGA Land2...
2025-12-10 13:45:54,555 - INFO - runner -   Enriched 7198/8492 tasks
2025-12-10 13:45:54,556 - INFO - runner - Enriching Riverine...
2025-12-10 13:45:54,979 - INFO - runner -   Enriched 3037/3635 tasks
2025-12-10 13:45:54,979 - INFO - runner - Enriching Tropical Isle 146...
2025-12-10 13:45:55,720 - INFO - runner -   Enriched 4257/4770 tasks
2025-12-10 13:45:55,720 - INFO - runner - Enriching Woodscapes...
2025-12-10 13:45:58,505 - INFO - runner -   Enriched 20201/23494 tasks
2025-12-10 13:45:58,509 - INFO - runner - Enriching Zenith...
2025-12-10 13:45:59,827 - INFO - runner -   Enriched 8016/8978 tasks
2025-12-10 13:45:59,843 - INFO - runner - Enrichment complete. Total enriched: 97977
